

HI-TECH Software PIC LITE Macro Assembler V9.82 build 9453 
                                                                                               Tue Nov 18 15:43:27 2014

HI-TECH Software Omniscient Code Generator (Lite mode) build 9453
     1  0000                     opt subtitle "HI-TECH Software Omniscient Code Generator (Lite mode) build 9453"
     2                           
     3                           opt pagewidth 120
     4                           
     5                           	opt lm
     6                           
     7                           	processor	16F877A
     8                           clrc	macro
     9                           	bcf	3,0
    10  0000                     	endm
    11                           clrz	macro
    12                           	bcf	3,2
    13  0000                     	endm
    14                           setc	macro
    15                           	bsf	3,0
    16  0000                     	endm
    17                           setz	macro
    18                           	bsf	3,2
    19  0000                     	endm
    20                           skipc	macro
    21                           	btfss	3,0
    22  0000                     	endm
    23                           skipz	macro
    24                           	btfss	3,2
    25  0000                     	endm
    26                           skipnc	macro
    27                           	btfsc	3,0
    28  0000                     	endm
    29                           skipnz	macro
    30                           	btfsc	3,2
    31  0000                     	endm
    32  0000                     indf	equ	0
    33  0000                     indf0	equ	0
    34  0002                     pc	equ	2
    35  0002                     pcl	equ	2
    36  0003                     status	equ	3
    37  0004                     fsr	equ	4
    38  0004                     fsr0	equ	4
    39  0001                     c	equ	1
    40  0000                     z	equ	0
    41  000A                     pclath	equ	10
    42                           	FNCALL	_main,_initSPI
    43                           	FNCALL	_main,_readStatus
    44                           	FNCALL	_main,_escreveByteEEPROM
    45                           	FNCALL	_main,_delay
    46                           	FNCALL	_main,_lerByteEEPROM
    47                           	FNROOT	_main
    48                           	global	main@F1109
    49                           psect	idataBANK0,class=CODE,space=0,delta=2
    50                           global __pidataBANK0
    51  0608                     __pidataBANK0:
    52                           	file	"C:\Users\Ricardo\Mestrado\TAC\trab9\p9.c"
    53                           	line	5
    54                           
    55                           ;initializer for main@F1109
    56  0608  3434               	retlw	034h
    57  0609  3464               	retlw	064h
    58  060A  3400               	retlw	0
    59  060B  3400               	retlw	0
    60  060C  34C8               	retlw	0C8h
    61  060D  3400               	retlw	0
    62  060E  3421               	retlw	021h
    63  060F  3400               	retlw	0
    64  0610  3400               	retlw	0
    65  0611  340F               	retlw	0Fh
    66                           	global	main@F1111
    67                           	global	_SSPBUF
    68  0013                     _SSPBUF	set	19
    69                           	global	_CARRY
    70  0018                     _CARRY	set	24
    71                           	global	_CKP
    72  00A4                     _CKP	set	164
    73                           	global	_GIE
    74  005F                     _GIE	set	95
    75                           	global	_RB4
    76  0034                     _RB4	set	52
    77                           	global	_SSPEN
    78  00A5                     _SSPEN	set	165
    79                           	global	_SSPM0
    80  00A0                     _SSPM0	set	160
    81                           	global	_SSPM1
    82  00A1                     _SSPM1	set	161
    83                           	global	_SSPM2
    84  00A2                     _SSPM2	set	162
    85                           	global	_SSPM3
    86  00A3                     _SSPM3	set	163
    87                           	global	_BF
    88  04A0                     _BF	set	1184
    89                           	global	_CKE
    90  04A6                     _CKE	set	1190
    91                           	global	_SMP
    92  04A7                     _SMP	set	1191
    93                           	global	_TRISB4
    94  0434                     _TRISB4	set	1076
    95                           	global	_TRISC3
    96  043B                     _TRISC3	set	1083
    97                           	global	_TRISC4
    98  043C                     _TRISC4	set	1084
    99                           	global	_TRISC5
   100  043D                     _TRISC5	set	1085
   101                           	global	_EEADR
   102  010D                     _EEADR	set	269
   103                           	global	_EEDATA
   104  010C                     _EEDATA	set	268
   105                           	global	_EECON1
   106  018C                     _EECON1	set	396
   107                           	global	_EECON2
   108  018D                     _EECON2	set	397
   109                           	global	_RD
   110  0C60                     _RD	set	3168
   111                           	global	_WR
   112  0C61                     _WR	set	3169
   113                           	global	_WREN
   114  0C62                     _WREN	set	3170
   115                           	file	"p9.as"
   116                           	line	#
   117                           psect cinit,class=CODE,delta=2
   118                           global start_initialization
   119  063C                     start_initialization:
   120                           
   121                           psect	bssBANK0,class=BANK0,space=1
   122                           global __pbssBANK0
   123  0037                     __pbssBANK0:
   124  0037                     main@F1111:
   125  0037                            ds      10
   126                           
   127                           psect	dataBANK0,class=BANK0,space=1
   128                           global __pdataBANK0
   129  0041                     __pdataBANK0:
   130                           	file	"C:\Users\Ricardo\Mestrado\TAC\trab9\p9.c"
   131  0041                     main@F1109:
   132  0041                            ds      10
   133                           
   134                           ; Clear objects allocated to BANK0
   135                           psect cinit,class=CODE,delta=2
   136  063C  01B7               	clrf	((__pbssBANK0)+0)&07Fh
   137  063D  01B8               	clrf	((__pbssBANK0)+1)&07Fh
   138  063E  01B9               	clrf	((__pbssBANK0)+2)&07Fh
   139  063F  01BA               	clrf	((__pbssBANK0)+3)&07Fh
   140  0640  01BB               	clrf	((__pbssBANK0)+4)&07Fh
   141  0641  01BC               	clrf	((__pbssBANK0)+5)&07Fh
   142  0642  01BD               	clrf	((__pbssBANK0)+6)&07Fh
   143  0643  01BE               	clrf	((__pbssBANK0)+7)&07Fh
   144  0644  01BF               	clrf	((__pbssBANK0)+8)&07Fh
   145  0645  01C0               	clrf	((__pbssBANK0)+9)&07Fh
   146                           global btemp
   147                           psect inittext,class=CODE,delta=2
   148                           global init_fetch,btemp
   149                           ;	Called with low address in FSR and high address in W
   150  0612                     init_fetch:
   151  0612  087E               	movf btemp,w
   152  0613  008A               	movwf pclath
   153  0614  087F               	movf btemp+1,w
   154  0615  0082               	movwf pc
   155                           global init_ram
   156                           ;Called with:
   157                           ;	high address of idata address in btemp 
   158                           ;	low address of idata address in btemp+1 
   159                           ;	low address of data in FSR
   160                           ;	high address + 1 of data in btemp-1
   161  0616                     init_ram:
   162  0616  120A  118A  2612   	fcall init_fetch
              120A  118A         
   163  061B  0080               	movwf indf,f
   164  061C  0A84               	incf fsr,f
   165  061D  0804               	movf fsr,w
   166  061E  067D               	xorwf btemp-1,w
   167  061F  1903               	btfsc status,2
   168  0620  3400               	retlw 0
   169  0621  0AFF               	incf btemp+1,f
   170  0622  1903               	btfsc status,2
   171  0623  0AFE               	incf btemp,f
   172  0624  2E16               	goto init_ram
   173                           ; Initialize objects allocated to BANK0
   174                           psect cinit,class=CODE,delta=2
   175                           global init_ram, __pidataBANK0
   176  0646  1383               	bcf	status, 7	;select IRP bank0
   177  0647  304B               	movlw low(__pdataBANK0+10)
   178  0648  00FD               	movwf btemp-1,f
   179  0649  3006               	movlw high(__pidataBANK0)
   180  064A  00FE               	movwf btemp,f
   181  064B  3008               	movlw low(__pidataBANK0)
   182  064C  00FF               	movwf btemp+1,f
   183  064D  3041               	movlw low(__pdataBANK0)
   184  064E  0084               	movwf fsr,f
   185  064F  120A  118A  2616   	fcall init_ram
              120A  118A         
   186                           psect cinit,class=CODE,delta=2
   187                           global end_of_initialization
   188                           
   189                           ;End of C runtime variable initialization code
   190                           
   191  0654                     end_of_initialization:
   192  0654  0183               clrf status
   193  0655  120A  118A  2F24   ljmp _main	;jump to C main() function
   194                           psect	cstackCOMMON,class=COMMON,space=1
   195                           global __pcstackCOMMON
   196  0070                     __pcstackCOMMON:
   197                           	global	?_initSPI
   198  0070                     ?_initSPI:	; 0 bytes @ 0x0
   199                           	global	??_initSPI
   200  0070                     ??_initSPI:	; 0 bytes @ 0x0
   201                           	global	??_readStatus
   202  0070                     ??_readStatus:	; 0 bytes @ 0x0
   203                           	global	?_escreveByteEEPROM
   204  0070                     ?_escreveByteEEPROM:	; 0 bytes @ 0x0
   205                           	global	?_delay
   206  0070                     ?_delay:	; 0 bytes @ 0x0
   207                           	global	??_delay
   208  0070                     ??_delay:	; 0 bytes @ 0x0
   209                           	global	?_lerByteEEPROM
   210  0070                     ?_lerByteEEPROM:	; 0 bytes @ 0x0
   211                           	global	?_main
   212  0070                     ?_main:	; 0 bytes @ 0x0
   213                           	global	?_readStatus
   214  0070                     ?_readStatus:	; 1 bytes @ 0x0
   215                           	global	escreveByteEEPROM@len
   216  0070                     escreveByteEEPROM@len:	; 1 bytes @ 0x0
   217                           	global	lerByteEEPROM@len
   218  0070                     lerByteEEPROM@len:	; 1 bytes @ 0x0
   219                           	global	delay@i
   220  0070                     delay@i:	; 4 bytes @ 0x0
   221  0070                     	ds	1
   222                           	global	readStatus@lixo
   223  0071                     readStatus@lixo:	; 1 bytes @ 0x1
   224                           	global	escreveByteEEPROM@posicao
   225  0071                     escreveByteEEPROM@posicao:	; 1 bytes @ 0x1
   226                           	global	lerByteEEPROM@posicao
   227  0071                     lerByteEEPROM@posicao:	; 1 bytes @ 0x1
   228  0071                     	ds	1
   229                           	global	??_escreveByteEEPROM
   230  0072                     ??_escreveByteEEPROM:	; 0 bytes @ 0x2
   231                           	global	??_lerByteEEPROM
   232  0072                     ??_lerByteEEPROM:	; 0 bytes @ 0x2
   233                           	global	readStatus@status
   234  0072                     readStatus@status:	; 1 bytes @ 0x2
   235  0072                     	ds	2
   236                           	global	escreveByteEEPROM@valor
   237  0074                     escreveByteEEPROM@valor:	; 1 bytes @ 0x4
   238                           	global	lerByteEEPROM@lixo
   239  0074                     lerByteEEPROM@lixo:	; 1 bytes @ 0x4
   240  0074                     	ds	1
   241                           	global	escreveByteEEPROM@lixo
   242  0075                     escreveByteEEPROM@lixo:	; 1 bytes @ 0x5
   243                           	global	lerByteEEPROM@destino
   244  0075                     lerByteEEPROM@destino:	; 1 bytes @ 0x5
   245  0075                     	ds	1
   246                           	global	escreveByteEEPROM@i
   247  0076                     escreveByteEEPROM@i:	; 1 bytes @ 0x6
   248                           	global	lerByteEEPROM@i
   249  0076                     lerByteEEPROM@i:	; 1 bytes @ 0x6
   250  0076                     	ds	1
   251                           	global	??_main
   252  0077                     ??_main:	; 0 bytes @ 0x7
   253  0077                     	ds	4
   254                           psect	cstackBANK0,class=BANK0,space=1
   255                           global __pcstackBANK0
   256  0020                     __pcstackBANK0:
   257                           	global	main@env
   258  0020                     main@env:	; 10 bytes @ 0x0
   259  0020                     	ds	10
   260                           	global	main@recp
   261  002A                     main@recp:	; 10 bytes @ 0xA
   262  002A                     	ds	10
   263                           	global	main@idx
   264  0034                     main@idx:	; 1 bytes @ 0x14
   265  0034                     	ds	1
   266                           	global	main@val
   267  0035                     main@val:	; 1 bytes @ 0x15
   268  0035                     	ds	1
   269                           	global	main@tam
   270  0036                     main@tam:	; 1 bytes @ 0x16
   271  0036                     	ds	1
   272 ;;Data sizes: Strings 0, constant 0, data 10, bss 10, persistent 0 stack 0
   273 ;;Auto spaces:   Size  Autos    Used
   274 ;; COMMON          14     11      11
   275 ;; BANK0           80     23      43
   276 ;; BANK1           80      0       0
   277 ;; BANK3           96      0       0
   278 ;; BANK2           96      0       0
   279                           
   280 ;;
   281 ;; Pointer list with targets:
   282                           
   283 ;; lerByteEEPROM@destino	PTR unsigned char  size(1) Largest target is 10
   284 ;;		 -> main@recp(BANK0[10]), 
   285 ;;
   286 ;; escreveByteEEPROM@valor	PTR unsigned char  size(1) Largest target is 10
   287 ;;		 -> main@env(BANK0[10]), 
   288 ;;
   289                           
   290                           
   291 ;;
   292 ;; Critical Paths under _main in COMMON
   293 ;;
   294 ;;   _main->_escreveByteEEPROM
   295 ;;   _main->_lerByteEEPROM
   296 ;;
   297 ;; Critical Paths under _main in BANK0
   298 ;;
   299 ;;   None.
   300 ;;
   301 ;; Critical Paths under _main in BANK1
   302 ;;
   303 ;;   None.
   304 ;;
   305 ;; Critical Paths under _main in BANK3
   306 ;;
   307 ;;   None.
   308 ;;
   309 ;; Critical Paths under _main in BANK2
   310 ;;
   311 ;;   None.
   312                           
   313 ;;
   314 ;;Main: autosize = 0, tempsize = 4, incstack = 0, save=0
   315 ;;
   316                           
   317 ;;
   318 ;;Call Graph Tables:
   319 ;;
   320 ;; ---------------------------------------------------------------------------------
   321 ;; (Depth) Function   	        Calls       Base Space   Used Autos Params    Refs
   322 ;; ---------------------------------------------------------------------------------
   323 ;; (0) _main                                                27    27      0     486
   324 ;;                                              7 COMMON     4     4      0
   325 ;;                                              0 BANK0     23    23      0
   326 ;;                            _initSPI
   327 ;;                         _readStatus
   328 ;;                  _escreveByteEEPROM
   329 ;;                              _delay
   330 ;;                      _lerByteEEPROM
   331 ;; ---------------------------------------------------------------------------------
   332 ;; (1) _delay                                                4     4      0      47
   333 ;;                                              0 COMMON     4     4      0
   334 ;; ---------------------------------------------------------------------------------
   335 ;; (1) _lerByteEEPROM                                        8     6      2     158
   336 ;;                                              0 COMMON     7     5      2
   337 ;; ---------------------------------------------------------------------------------
   338 ;; (1) _escreveByteEEPROM                                    7     5      2     160
   339 ;;                                              0 COMMON     7     5      2
   340 ;; ---------------------------------------------------------------------------------
   341 ;; (1) _readStatus                                           3     3      0      24
   342 ;;                                              0 COMMON     3     3      0
   343 ;; ---------------------------------------------------------------------------------
   344 ;; (1) _initSPI                                              0     0      0       0
   345 ;; ---------------------------------------------------------------------------------
   346 ;; Estimated maximum stack depth 1
   347 ;; ---------------------------------------------------------------------------------
   348                           
   349 ;; Call Graph Graphs:
   350                           
   351 ;; _main (ROOT)
   352 ;;   _initSPI
   353 ;;   _readStatus
   354 ;;   _escreveByteEEPROM
   355 ;;   _delay
   356 ;;   _lerByteEEPROM
   357 ;;
   358                           
   359 ;; Address spaces:
   360                           
   361 ;;Name               Size   Autos  Total    Cost      Usage
   362 ;;BANK3               60      0       0       9        0.0%
   363 ;;BITBANK3            60      0       0       8        0.0%
   364 ;;SFR3                 0      0       0       4        0.0%
   365 ;;BITSFR3              0      0       0       4        0.0%
   366 ;;BANK2               60      0       0      11        0.0%
   367 ;;BITBANK2            60      0       0      10        0.0%
   368 ;;SFR2                 0      0       0       5        0.0%
   369 ;;BITSFR2              0      0       0       5        0.0%
   370 ;;SFR1                 0      0       0       2        0.0%
   371 ;;BITSFR1              0      0       0       2        0.0%
   372 ;;BANK1               50      0       0       7        0.0%
   373 ;;BITBANK1            50      0       0       6        0.0%
   374 ;;CODE                 0      0       0       0        0.0%
   375 ;;DATA                 0      0      37      12        0.0%
   376 ;;ABS                  0      0      36       3        0.0%
   377 ;;NULL                 0      0       0       0        0.0%
   378 ;;STACK                0      0       1       2        0.0%
   379 ;;BANK0               50     17      2B       5       53.8%
   380 ;;BITBANK0            50      0       0       4        0.0%
   381 ;;SFR0                 0      0       0       1        0.0%
   382 ;;BITSFR0              0      0       0       1        0.0%
   383 ;;COMMON               E      B       B       1       78.6%
   384 ;;BITCOMMON            E      0       0       0        0.0%
   385 ;;EEDATA             100      0       0       0        0.0%
   386                           
   387                           	global	_main
   388                           psect	maintext,global,class=CODE,delta=2
   389                           global __pmaintext
   390  0724                     __pmaintext:
   391                           
   392 ;; *************** function _main *****************
   393 ;; Defined at:
   394 ;;		line 4 in file "C:\Users\Ricardo\Mestrado\TAC\trab9\p9.c"
   395 ;; Parameters:    Size  Location     Type
   396 ;;		None
   397 ;; Auto vars:     Size  Location     Type
   398 ;;  recp           10   10[BANK0 ] unsigned char [10]
   399 ;;  env            10    0[BANK0 ] unsigned char [10]
   400 ;;  tam             1   22[BANK0 ] unsigned char 
   401 ;;  val             1   21[BANK0 ] unsigned char 
   402 ;;  idx             1   20[BANK0 ] unsigned char 
   403 ;; Return value:  Size  Location     Type
   404 ;;		None               void
   405 ;; Registers used:
   406 ;;		wreg, fsr0l, fsr0h, status,2, status,0, pclath, cstack
   407 ;; Tracked objects:
   408 ;;		On entry : 17F/0
   409 ;;		On exit  : 0/0
   410 ;;		Unchanged: 0/0
   411 ;; Data sizes:     COMMON   BANK0   BANK1   BANK3   BANK2
   412 ;;      Params:         0       0       0       0       0
   413 ;;      Locals:         0      23       0       0       0
   414 ;;      Temps:          4       0       0       0       0
   415 ;;      Totals:         4      23       0       0       0
   416 ;;Total ram usage:       27 bytes
   417 ;; Hardware stack levels required when called:    1
   418 ;; This function calls:
   419 ;;		_initSPI
   420 ;;		_readStatus
   421 ;;		_escreveByteEEPROM
   422 ;;		_delay
   423 ;;		_lerByteEEPROM
   424 ;; This function is called by:
   425 ;;		Startup code after reset
   426 ;; This function uses a non-reentrant model
   427 ;;
   428                           psect	maintext
   429                           	file	"C:\Users\Ricardo\Mestrado\TAC\trab9\p9.c"
   430                           	line	4
   431                           	global	__size_of_main
   432  006A                     	__size_of_main	equ	__end_of_main-_main
   433                           	
   434  0724                     _main:	
   435                           	opt	stack 7
   436                           ; Regs used in _main: [wreg-fsr0h+status,2+status,0+pclath+cstack]
   437                           	line	5
   438                           	
   439  0724                     l3523:	
   440                           ;p9.c: 5: unsigned char env[10]={52,100,0,0,200,0,33,0,0,15};
   441  0724  3020               	movlw	(main@env)&0ffh
   442  0725  0084               	movwf	fsr0
   443  0726  3041               	movlw	low(main@F1109)
   444  0727  00F7               	movwf	(??_main+0)+0
   445  0728  0804               	movf	fsr0,w
   446  0729  00F8               	movwf	((??_main+0)+0+1)
   447  072A  300A               	movlw	10
   448  072B  00F9               	movwf	((??_main+0)+0+2)
   449  072C                     u2550:
   450  072C  0877               	movf	(??_main+0)+0,w
   451  072D  0084               	movwf	fsr0
   452  072E  1383               	bcf	status, 7	;select IRP bank0
   453                           	
   454  072F  0800               	movf	indf,w
   455  0730  00FA               	movwf	((??_main+0)+0+3)
   456  0731  0AF7               	incf	(??_main+0)+0,f
   457  0732  0878               	movf	((??_main+0)+0+1),w
   458  0733  0084               	movwf	fsr0
   459                           	
   460  0734  087A               	movf	((??_main+0)+0+3),w
   461  0735  0080               	movwf	indf
   462  0736  0AF8               	incf	((??_main+0)+0+1),f
   463  0737  0BF9               	decfsz	((??_main+0)+0+2),f
   464  0738  2F2C               	goto	u2550
   465                           	line	6
   466                           ;p9.c: 6: unsigned char recp[10]={0,0,0,0,0,0,0,0,0,0};
   467  0739  302A               	movlw	(main@recp)&0ffh
   468  073A  0084               	movwf	fsr0
   469  073B  3037               	movlw	low(main@F1111)
   470  073C  00F7               	movwf	(??_main+0)+0
   471  073D  0804               	movf	fsr0,w
   472  073E  00F8               	movwf	((??_main+0)+0+1)
   473  073F  300A               	movlw	10
   474  0740  00F9               	movwf	((??_main+0)+0+2)
   475  0741                     u2560:
   476  0741  0877               	movf	(??_main+0)+0,w
   477  0742  0084               	movwf	fsr0
   478  0743  1383               	bcf	status, 7	;select IRP bank0
   479                           	
   480  0744  0800               	movf	indf,w
   481  0745  00FA               	movwf	((??_main+0)+0+3)
   482  0746  0AF7               	incf	(??_main+0)+0,f
   483  0747  0878               	movf	((??_main+0)+0+1),w
   484  0748  0084               	movwf	fsr0
   485                           	
   486  0749  087A               	movf	((??_main+0)+0+3),w
   487  074A  0080               	movwf	indf
   488  074B  0AF8               	incf	((??_main+0)+0+1),f
   489  074C  0BF9               	decfsz	((??_main+0)+0+2),f
   490  074D  2F41               	goto	u2560
   491                           	line	7
   492                           	
   493  074E                     l3525:	
   494                           ;p9.c: 7: unsigned char idx = 0,tam=10, val=0;
   495  074E  1283               	bcf	status, 5	;RP0=0, select bank0
   496  074F  1303               	bcf	status, 6	;RP1=0, select bank0
   497  0750  01B4               	clrf	(main@idx)
   498                           	
   499  0751                     l3527:	
   500  0751  300A               	movlw	(0Ah)
   501  0752  00F7               	movwf	(??_main+0)+0
   502  0753  0877               	movf	(??_main+0)+0,w
   503  0754  00B6               	movwf	(main@tam)
   504                           	
   505  0755                     l3529:	
   506  0755  01B5               	clrf	(main@val)
   507                           	line	8
   508                           	
   509  0756                     l3531:	
   510                           ;p9.c: 8: initSPI();
   511  0756  120A  118A  2625   	fcall	_initSPI
              120A  118A         
   512  075B  2F5C               	goto	l3533
   513                           	line	9
   514                           ;p9.c: 9: while(1) {
   515                           	
   516  075C                     l699:	
   517                           	line	10
   518                           	
   519  075C                     l3533:	
   520                           ;p9.c: 10: val = readStatus();
   521  075C  120A  118A  2658   	fcall	_readStatus
              120A  118A         
   522  0761  00F7               	movwf	(??_main+0)+0
   523  0762  0877               	movf	(??_main+0)+0,w
   524  0763  1283               	bcf	status, 5	;RP0=0, select bank0
   525  0764  1303               	bcf	status, 6	;RP1=0, select bank0
   526  0765  00B5               	movwf	(main@val)
   527                           	line	11
   528                           	
   529  0766                     l3535:	
   530                           ;p9.c: 11: escreveByteEEPROM(&env[0],tam,0x30);
   531  0766  0836               	movf	(main@tam),w
   532  0767  00F7               	movwf	(??_main+0)+0
   533  0768  0877               	movf	(??_main+0)+0,w
   534  0769  00F0               	movwf	(?_escreveByteEEPROM)
   535  076A  3030               	movlw	(030h)
   536  076B  00F8               	movwf	(??_main+1)+0
   537  076C  0878               	movf	(??_main+1)+0,w
   538  076D  00F1               	movwf	0+(?_escreveByteEEPROM)+01h
   539  076E  3020               	movlw	(main@env)&0ffh
   540  076F  120A  118A  278E   	fcall	_escreveByteEEPROM
              120A  118A         
   541                           	line	12
   542                           	
   543  0774                     l3537:	
   544                           ;p9.c: 12: delay();
   545  0774  120A  118A  267E   	fcall	_delay
              120A  118A         
   546                           	line	13
   547                           	
   548  0779                     l3539:	
   549                           ;p9.c: 13: lerByteEEPROM(&recp[0],tam,0x30);
   550  0779  1283               	bcf	status, 5	;RP0=0, select bank0
   551  077A  1303               	bcf	status, 6	;RP1=0, select bank0
   552  077B  0836               	movf	(main@tam),w
   553  077C  00F7               	movwf	(??_main+0)+0
   554  077D  0877               	movf	(??_main+0)+0,w
   555  077E  00F0               	movwf	(?_lerByteEEPROM)
   556  077F  3030               	movlw	(030h)
   557  0780  00F8               	movwf	(??_main+1)+0
   558  0781  0878               	movf	(??_main+1)+0,w
   559  0782  00F1               	movwf	0+(?_lerByteEEPROM)+01h
   560  0783  302A               	movlw	(main@recp)&0ffh
   561  0784  120A  118A  26C5   	fcall	_lerByteEEPROM
              120A  118A         
   562  0789  2F5C               	goto	l3533
   563                           	line	15
   564                           	
   565  078A                     l700:	
   566                           	line	9
   567  078A  2F5C               	goto	l3533
   568                           	
   569  078B                     l701:	
   570                           	line	16
   571                           	
   572  078B                     l702:	
   573                           	global	start
   574  078B  120A  118A  2800   	ljmp	start
   575                           	opt stack 0
   576                           GLOBAL	__end_of_main
   577  078E                     	__end_of_main:
   578 ;; =============== function _main ends ============
   579                           
   580                           	signat	_main,88
   581                           	global	_delay
   582                           psect	text187,local,class=CODE,delta=2
   583                           global __ptext187
   584  067E                     __ptext187:
   585                           
   586 ;; *************** function _delay *****************
   587 ;; Defined at:
   588 ;;		line 210 in file "C:\Users\Ricardo\Mestrado\TAC\trab9\SPI.c"
   589 ;; Parameters:    Size  Location     Type
   590 ;;		None
   591 ;; Auto vars:     Size  Location     Type
   592 ;;  i               4    0[COMMON] unsigned long 
   593 ;; Return value:  Size  Location     Type
   594 ;;		None               void
   595 ;; Registers used:
   596 ;;		wreg
   597 ;; Tracked objects:
   598 ;;		On entry : 0/0
   599 ;;		On exit  : 0/0
   600 ;;		Unchanged: 0/0
   601 ;; Data sizes:     COMMON   BANK0   BANK1   BANK3   BANK2
   602 ;;      Params:         0       0       0       0       0
   603 ;;      Locals:         4       0       0       0       0
   604 ;;      Temps:          0       0       0       0       0
   605 ;;      Totals:         4       0       0       0       0
   606 ;;Total ram usage:        4 bytes
   607 ;; Hardware stack levels used:    1
   608 ;; This function calls:
   609 ;;		Nothing
   610 ;; This function is called by:
   611 ;;		_main
   612 ;; This function uses a non-reentrant model
   613 ;;
   614                           psect	text187
   615                           	file	"C:\Users\Ricardo\Mestrado\TAC\trab9\SPI.c"
   616                           	line	210
   617                           	global	__size_of_delay
   618  0047                     	__size_of_delay	equ	__end_of_delay-_delay
   619                           	
   620  067E                     _delay:	
   621                           	opt	stack 7
   622                           ; Regs used in _delay: [wreg]
   623                           	line	211
   624                           	
   625  067E                     l3517:	
   626                           ;SPI.c: 211: unsigned long i = 0;
   627  067E  3000               	movlw	0
   628  067F  00F3               	movwf	(delay@i+3)
   629  0680  3000               	movlw	0
   630  0681  00F2               	movwf	(delay@i+2)
   631  0682  3000               	movlw	0
   632  0683  00F1               	movwf	(delay@i+1)
   633  0684  3000               	movlw	0
   634  0685  00F0               	movwf	(delay@i)
   635                           
   636                           	line	212
   637                           ;SPI.c: 212: for(i=0;i<50000;i++)
   638  0686  3000               	movlw	0
   639  0687  00F3               	movwf	(delay@i+3)
   640  0688  3000               	movlw	0
   641  0689  00F2               	movwf	(delay@i+2)
   642  068A  3000               	movlw	0
   643  068B  00F1               	movwf	(delay@i+1)
   644  068C  3000               	movlw	0
   645  068D  00F0               	movwf	(delay@i)
   646                           
   647  068E  3000               	movlw	0
   648  068F  0273               	subwf	(delay@i+3),w
   649  0690  1D03               	skipz
   650  0691  2E9C               	goto	u2535
   651  0692  3000               	movlw	0
   652  0693  0272               	subwf	(delay@i+2),w
   653  0694  1D03               	skipz
   654  0695  2E9C               	goto	u2535
   655  0696  30C3               	movlw	0C3h
   656  0697  0271               	subwf	(delay@i+1),w
   657  0698  1D03               	skipz
   658  0699  2E9C               	goto	u2535
   659  069A  3050               	movlw	050h
   660  069B  0270               	subwf	(delay@i),w
   661  069C                     u2535:
   662  069C  1C03               	skipc
   663  069D  2E9F               	goto	u2531
   664  069E  2EA0               	goto	u2530
   665  069F                     u2531:
   666  069F  2EA2               	goto	l1446
   667  06A0                     u2530:
   668  06A0  2EC4               	goto	l1448
   669                           	
   670  06A1                     l3519:	
   671  06A1  2EC4               	goto	l1448
   672                           	line	213
   673                           	
   674  06A2                     l1446:	
   675                           	line	214
   676                           ;SPI.c: 213: {
   677                           ;SPI.c: 214: _nop();
   678  06A2  0000               	nop
   679                           	line	212
   680                           	
   681  06A3                     l3521:	
   682  06A3  3001               	movlw	01h
   683  06A4  07F0               	addwf	(delay@i),f
   684  06A5  3000               	movlw	0
   685  06A6  1803               	skipnc
   686  06A7  3001               movlw 1
   687  06A8  07F1               	addwf	(delay@i+1),f
   688  06A9  3000               	movlw	0
   689  06AA  1803               	skipnc
   690  06AB  3001               movlw 1
   691  06AC  07F2               	addwf	(delay@i+2),f
   692  06AD  3000               	movlw	0
   693  06AE  1803               	skipnc
   694  06AF  3001               movlw 1
   695  06B0  07F3               	addwf	(delay@i+3),f
   696  06B1  3000               	movlw	0
   697  06B2  0273               	subwf	(delay@i+3),w
   698  06B3  1D03               	skipz
   699  06B4  2EBF               	goto	u2545
   700  06B5  3000               	movlw	0
   701  06B6  0272               	subwf	(delay@i+2),w
   702  06B7  1D03               	skipz
   703  06B8  2EBF               	goto	u2545
   704  06B9  30C3               	movlw	0C3h
   705  06BA  0271               	subwf	(delay@i+1),w
   706  06BB  1D03               	skipz
   707  06BC  2EBF               	goto	u2545
   708  06BD  3050               	movlw	050h
   709  06BE  0270               	subwf	(delay@i),w
   710  06BF                     u2545:
   711  06BF  1C03               	skipc
   712  06C0  2EC2               	goto	u2541
   713  06C1  2EC3               	goto	u2540
   714  06C2                     u2541:
   715  06C2  2EA2               	goto	l1446
   716  06C3                     u2540:
   717  06C3  2EC4               	goto	l1448
   718                           	
   719  06C4                     l1447:	
   720                           	line	216
   721                           	
   722  06C4                     l1448:	
   723  06C4  0008               	return
   724                           	opt stack 0
   725                           GLOBAL	__end_of_delay
   726  06C5                     	__end_of_delay:
   727 ;; =============== function _delay ends ============
   728                           
   729                           	signat	_delay,88
   730                           	global	_lerByteEEPROM
   731                           psect	text188,local,class=CODE,delta=2
   732                           global __ptext188
   733  06C5                     __ptext188:
   734                           
   735 ;; *************** function _lerByteEEPROM *****************
   736 ;; Defined at:
   737 ;;		line 157 in file "C:\Users\Ricardo\Mestrado\TAC\trab9\SPI.c"
   738 ;; Parameters:    Size  Location     Type
   739 ;;  destino         1    wreg     PTR unsigned char 
   740 ;;		 -> main@recp(10), 
   741 ;;  len             1    0[COMMON] unsigned char 
   742 ;;  posicao         1    1[COMMON] unsigned char 
   743 ;; Auto vars:     Size  Location     Type
   744 ;;  destino         1    5[COMMON] PTR unsigned char 
   745 ;;		 -> main@recp(10), 
   746 ;;  i               1    6[COMMON] unsigned char 
   747 ;;  lixo            1    4[COMMON] unsigned char 
   748 ;;  byte            1    0        unsigned char 
   749 ;; Return value:  Size  Location     Type
   750 ;;		None               void
   751 ;; Registers used:
   752 ;;		wreg, fsr0l, fsr0h, status,2, status,0
   753 ;; Tracked objects:
   754 ;;		On entry : 0/0
   755 ;;		On exit  : 0/0
   756 ;;		Unchanged: 0/0
   757 ;; Data sizes:     COMMON   BANK0   BANK1   BANK3   BANK2
   758 ;;      Params:         2       0       0       0       0
   759 ;;      Locals:         3       0       0       0       0
   760 ;;      Temps:          2       0       0       0       0
   761 ;;      Totals:         7       0       0       0       0
   762 ;;Total ram usage:        7 bytes
   763 ;; Hardware stack levels used:    1
   764 ;; This function calls:
   765 ;;		Nothing
   766 ;; This function is called by:
   767 ;;		_main
   768 ;; This function uses a non-reentrant model
   769 ;;
   770                           psect	text188
   771                           	file	"C:\Users\Ricardo\Mestrado\TAC\trab9\SPI.c"
   772                           	line	157
   773                           	global	__size_of_lerByteEEPROM
   774  005F                     	__size_of_lerByteEEPROM	equ	__end_of_lerByteEEPROM-_lerByteEEPROM
   775                           	
   776  06C5                     _lerByteEEPROM:	
   777                           	opt	stack 7
   778                           ; Regs used in _lerByteEEPROM: [wreg-fsr0h+status,2+status,0]
   779                           ;lerByteEEPROM@destino stored from wreg
   780                           	line	161
   781  06C5  00F5               	movwf	(lerByteEEPROM@destino)
   782                           	
   783  06C6                     l3495:	
   784                           ;SPI.c: 158: unsigned char byte;
   785                           ;SPI.c: 159: unsigned char lixo;
   786                           ;SPI.c: 161: for(unsigned char i=0;i++;i<len){
   787  06C6  01F6               	clrf	(lerByteEEPROM@i)
   788  06C7  2F18               	goto	l3515
   789                           	
   790  06C8                     l1426:	
   791                           	line	162
   792                           ;SPI.c: 162: RB4 = 0;
   793  06C8  1283               	bcf	status, 5	;RP0=0, select bank0
   794  06C9  1303               	bcf	status, 6	;RP1=0, select bank0
   795  06CA  1206               	bcf	(52/8),(52)&7
   796                           	line	163
   797                           	
   798  06CB                     l3497:	
   799                           ;SPI.c: 163: SSPBUF = 0x03;
   800  06CB  3003               	movlw	(03h)
   801  06CC  0093               	movwf	(19)	;volatile
   802                           	line	164
   803                           ;SPI.c: 164: while(BF==0);
   804  06CD  2ECE               	goto	l1427
   805                           	
   806  06CE                     l1428:	
   807                           	
   808  06CE                     l1427:	
   809  06CE  1683               	bsf	status, 5	;RP0=1, select bank1
   810  06CF  1303               	bcf	status, 6	;RP1=0, select bank1
   811  06D0  1C14               	btfss	(1184/8)^080h,(1184)&7
   812  06D1  2ED3               	goto	u2481
   813  06D2  2ED4               	goto	u2480
   814  06D3                     u2481:
   815  06D3  2ECE               	goto	l1427
   816  06D4                     u2480:
   817  06D4  2ED5               	goto	l3499
   818                           	
   819  06D5                     l1429:	
   820                           	line	165
   821                           	
   822  06D5                     l3499:	
   823                           ;SPI.c: 165: lixo = SSPBUF;
   824  06D5  1283               	bcf	status, 5	;RP0=0, select bank0
   825  06D6  1303               	bcf	status, 6	;RP1=0, select bank0
   826  06D7  0813               	movf	(19),w	;volatile
   827  06D8  00F2               	movwf	(??_lerByteEEPROM+0)+0
   828  06D9  0872               	movf	(??_lerByteEEPROM+0)+0,w
   829  06DA  00F4               	movwf	(lerByteEEPROM@lixo)
   830                           	line	166
   831                           	
   832  06DB                     l3501:	
   833                           ;SPI.c: 166: SSPBUF = (posicao+i)>>8;
   834  06DB  0871               	movf	(lerByteEEPROM@posicao),w
   835  06DC  0776               	addwf	(lerByteEEPROM@i),w
   836  06DD  00F2               	movwf	(??_lerByteEEPROM+0)+0
   837  06DE  01F3               	clrf	(??_lerByteEEPROM+0)+0+1
   838  06DF  0DF3               	rlf	1+(??_lerByteEEPROM+0)+0,f
   839                           	
   840  06E0  0873               	movf	1+(??_lerByteEEPROM+0)+0,w
   841  06E1  0093               	movwf	(19)	;volatile
   842                           	line	167
   843                           ;SPI.c: 167: while(BF==0);
   844  06E2  2EE3               	goto	l1430
   845                           	
   846  06E3                     l1431:	
   847                           	
   848  06E3                     l1430:	
   849  06E3  1683               	bsf	status, 5	;RP0=1, select bank1
   850  06E4  1303               	bcf	status, 6	;RP1=0, select bank1
   851  06E5  1C14               	btfss	(1184/8)^080h,(1184)&7
   852  06E6  2EE8               	goto	u2491
   853  06E7  2EE9               	goto	u2490
   854  06E8                     u2491:
   855  06E8  2EE3               	goto	l1430
   856  06E9                     u2490:
   857  06E9  2EEA               	goto	l3503
   858                           	
   859  06EA                     l1432:	
   860                           	line	168
   861                           	
   862  06EA                     l3503:	
   863                           ;SPI.c: 168: lixo = SSPBUF;
   864  06EA  1283               	bcf	status, 5	;RP0=0, select bank0
   865  06EB  1303               	bcf	status, 6	;RP1=0, select bank0
   866  06EC  0813               	movf	(19),w	;volatile
   867  06ED  00F2               	movwf	(??_lerByteEEPROM+0)+0
   868  06EE  0872               	movf	(??_lerByteEEPROM+0)+0,w
   869  06EF  00F4               	movwf	(lerByteEEPROM@lixo)
   870                           	line	169
   871                           	
   872  06F0                     l3505:	
   873                           ;SPI.c: 169: SSPBUF = (posicao+i)&0xFF;
   874  06F0  0876               	movf	(lerByteEEPROM@i),w
   875  06F1  0771               	addwf	(lerByteEEPROM@posicao),w
   876  06F2  0093               	movwf	(19)	;volatile
   877                           	line	170
   878                           ;SPI.c: 170: while(BF==0);
   879  06F3  2EF4               	goto	l1433
   880                           	
   881  06F4                     l1434:	
   882                           	
   883  06F4                     l1433:	
   884  06F4  1683               	bsf	status, 5	;RP0=1, select bank1
   885  06F5  1303               	bcf	status, 6	;RP1=0, select bank1
   886  06F6  1C14               	btfss	(1184/8)^080h,(1184)&7
   887  06F7  2EF9               	goto	u2501
   888  06F8  2EFA               	goto	u2500
   889  06F9                     u2501:
   890  06F9  2EF4               	goto	l1433
   891  06FA                     u2500:
   892  06FA  2EFB               	goto	l3507
   893                           	
   894  06FB                     l1435:	
   895                           	line	171
   896                           	
   897  06FB                     l3507:	
   898                           ;SPI.c: 171: lixo = SSPBUF;
   899  06FB  1283               	bcf	status, 5	;RP0=0, select bank0
   900  06FC  1303               	bcf	status, 6	;RP1=0, select bank0
   901  06FD  0813               	movf	(19),w	;volatile
   902  06FE  00F2               	movwf	(??_lerByteEEPROM+0)+0
   903  06FF  0872               	movf	(??_lerByteEEPROM+0)+0,w
   904  0700  00F4               	movwf	(lerByteEEPROM@lixo)
   905                           	line	172
   906                           	
   907  0701                     l3509:	
   908                           ;SPI.c: 172: SSPBUF = 0x00;
   909  0701  0193               	clrf	(19)	;volatile
   910                           	line	173
   911                           ;SPI.c: 173: while(BF==0);
   912  0702  2F03               	goto	l1436
   913                           	
   914  0703                     l1437:	
   915                           	
   916  0703                     l1436:	
   917  0703  1683               	bsf	status, 5	;RP0=1, select bank1
   918  0704  1303               	bcf	status, 6	;RP1=0, select bank1
   919  0705  1C14               	btfss	(1184/8)^080h,(1184)&7
   920  0706  2F08               	goto	u2511
   921  0707  2F09               	goto	u2510
   922  0708                     u2511:
   923  0708  2F03               	goto	l1436
   924  0709                     u2510:
   925  0709  2F0A               	goto	l3511
   926                           	
   927  070A                     l1438:	
   928                           	line	174
   929                           	
   930  070A                     l3511:	
   931                           ;SPI.c: 174: *(destino+i) = SSPBUF;
   932  070A  1283               	bcf	status, 5	;RP0=0, select bank0
   933  070B  1303               	bcf	status, 6	;RP1=0, select bank0
   934  070C  0813               	movf	(19),w	;volatile
   935  070D  00F2               	movwf	(??_lerByteEEPROM+0)+0
   936  070E  0876               	movf	(lerByteEEPROM@i),w
   937  070F  0775               	addwf	(lerByteEEPROM@destino),w
   938  0710  00F3               	movwf	(??_lerByteEEPROM+1)+0
   939  0711  0873               	movf	0+(??_lerByteEEPROM+1)+0,w
   940  0712  0084               	movwf	fsr0
   941  0713  0872               	movf	(??_lerByteEEPROM+0)+0,w
   942  0714  1383               	bcf	status, 7	;select IRP bank0
   943  0715  0080               	movwf	indf
   944                           	line	175
   945                           	
   946  0716                     l3513:	
   947                           ;SPI.c: 175: RB4 = 1;
   948  0716  1606               	bsf	(52/8),(52)&7
   949  0717  2F18               	goto	l3515
   950                           	line	161
   951                           	
   952  0718                     l1425:	
   953                           	
   954  0718                     l3515:	
   955  0718  3001               	movlw	(01h)
   956  0719  00F2               	movwf	(??_lerByteEEPROM+0)+0
   957  071A  0872               	movf	(??_lerByteEEPROM+0)+0,w
   958  071B  07F6               	addwf	(lerByteEEPROM@i),f
   959  071C  0876               	movf	((lerByteEEPROM@i)),w
   960  071D  3A01               	xorlw	01h
   961  071E  1D03               	skipz
   962  071F  2F21               	goto	u2521
   963  0720  2F22               	goto	u2520
   964  0721                     u2521:
   965  0721  2EC8               	goto	l1426
   966  0722                     u2520:
   967  0722  2F23               	goto	l1440
   968                           	
   969  0723                     l1439:	
   970                           	line	177
   971                           	
   972  0723                     l1440:	
   973  0723  0008               	return
   974                           	opt stack 0
   975                           GLOBAL	__end_of_lerByteEEPROM
   976  0724                     	__end_of_lerByteEEPROM:
   977 ;; =============== function _lerByteEEPROM ends ============
   978                           
   979                           	signat	_lerByteEEPROM,12408
   980                           	global	_escreveByteEEPROM
   981                           psect	text189,local,class=CODE,delta=2
   982                           global __ptext189
   983  078E                     __ptext189:
   984                           
   985 ;; *************** function _escreveByteEEPROM *****************
   986 ;; Defined at:
   987 ;;		line 123 in file "C:\Users\Ricardo\Mestrado\TAC\trab9\SPI.c"
   988 ;; Parameters:    Size  Location     Type
   989 ;;  valor           1    wreg     PTR unsigned char 
   990 ;;		 -> main@env(10), 
   991 ;;  len             1    0[COMMON] unsigned char 
   992 ;;  posicao         1    1[COMMON] unsigned char 
   993 ;; Auto vars:     Size  Location     Type
   994 ;;  valor           1    4[COMMON] PTR unsigned char 
   995 ;;		 -> main@env(10), 
   996 ;;  i               1    6[COMMON] unsigned char 
   997 ;;  lixo            1    5[COMMON] unsigned char 
   998 ;; Return value:  Size  Location     Type
   999 ;;		None               void
  1000 ;; Registers used:
  1001 ;;		wreg, fsr0l, fsr0h, status,2, status,0
  1002 ;; Tracked objects:
  1003 ;;		On entry : 0/0
  1004 ;;		On exit  : 0/0
  1005 ;;		Unchanged: 0/0
  1006 ;; Data sizes:     COMMON   BANK0   BANK1   BANK3   BANK2
  1007 ;;      Params:         2       0       0       0       0
  1008 ;;      Locals:         3       0       0       0       0
  1009 ;;      Temps:          2       0       0       0       0
  1010 ;;      Totals:         7       0       0       0       0
  1011 ;;Total ram usage:        7 bytes
  1012 ;; Hardware stack levels used:    1
  1013 ;; This function calls:
  1014 ;;		Nothing
  1015 ;; This function is called by:
  1016 ;;		_main
  1017 ;; This function uses a non-reentrant model
  1018 ;;
  1019                           psect	text189
  1020                           	file	"C:\Users\Ricardo\Mestrado\TAC\trab9\SPI.c"
  1021                           	line	123
  1022                           	global	__size_of_escreveByteEEPROM
  1023  0072                     	__size_of_escreveByteEEPROM	equ	__end_of_escreveByteEEPROM-_escreveByteEEPROM
  1024                           	
  1025  078E                     _escreveByteEEPROM:	
  1026                           	opt	stack 7
  1027                           ; Regs used in _escreveByteEEPROM: [wreg-fsr0h+status,2+status,0]
  1028                           ;escreveByteEEPROM@valor stored from wreg
  1029                           	line	125
  1030  078E  00F4               	movwf	(escreveByteEEPROM@valor)
  1031                           	
  1032  078F                     l3467:	
  1033                           ;SPI.c: 124: unsigned char lixo;
  1034                           ;SPI.c: 125: for(unsigned char i=0;i++;i<len){
  1035  078F  01F6               	clrf	(escreveByteEEPROM@i)
  1036  0790  2FF4               	goto	l3493
  1037                           	
  1038  0791                     l1405:	
  1039                           	line	126
  1040                           ;SPI.c: 126: RB4 = 0;
  1041  0791  1283               	bcf	status, 5	;RP0=0, select bank0
  1042  0792  1303               	bcf	status, 6	;RP1=0, select bank0
  1043  0793  1206               	bcf	(52/8),(52)&7
  1044                           	line	127
  1045                           	
  1046  0794                     l3469:	
  1047                           ;SPI.c: 127: SSPBUF = 0x06;
  1048  0794  3006               	movlw	(06h)
  1049  0795  0093               	movwf	(19)	;volatile
  1050                           	line	128
  1051                           ;SPI.c: 128: while(BF==0);
  1052  0796  2F97               	goto	l1406
  1053                           	
  1054  0797                     l1407:	
  1055                           	
  1056  0797                     l1406:	
  1057  0797  1683               	bsf	status, 5	;RP0=1, select bank1
  1058  0798  1303               	bcf	status, 6	;RP1=0, select bank1
  1059  0799  1C14               	btfss	(1184/8)^080h,(1184)&7
  1060  079A  2F9C               	goto	u2421
  1061  079B  2F9D               	goto	u2420
  1062  079C                     u2421:
  1063  079C  2F97               	goto	l1406
  1064  079D                     u2420:
  1065  079D  2F9E               	goto	l3471
  1066                           	
  1067  079E                     l1408:	
  1068                           	line	129
  1069                           	
  1070  079E                     l3471:	
  1071                           ;SPI.c: 129: lixo = SSPBUF;
  1072  079E  1283               	bcf	status, 5	;RP0=0, select bank0
  1073  079F  1303               	bcf	status, 6	;RP1=0, select bank0
  1074  07A0  0813               	movf	(19),w	;volatile
  1075  07A1  00F2               	movwf	(??_escreveByteEEPROM+0)+0
  1076  07A2  0872               	movf	(??_escreveByteEEPROM+0)+0,w
  1077  07A3  00F5               	movwf	(escreveByteEEPROM@lixo)
  1078                           	line	130
  1079                           	
  1080  07A4                     l3473:	
  1081                           ;SPI.c: 130: RB4 = 1;
  1082  07A4  1606               	bsf	(52/8),(52)&7
  1083                           	line	131
  1084                           	
  1085  07A5                     l3475:	
  1086                           ;SPI.c: 131: RB4 = 0;
  1087  07A5  1206               	bcf	(52/8),(52)&7
  1088                           	line	132
  1089                           ;SPI.c: 132: SSPBUF = 0x02;
  1090  07A6  3002               	movlw	(02h)
  1091  07A7  0093               	movwf	(19)	;volatile
  1092                           	line	133
  1093                           ;SPI.c: 133: while(BF==0);
  1094  07A8  2FA9               	goto	l1409
  1095                           	
  1096  07A9                     l1410:	
  1097                           	
  1098  07A9                     l1409:	
  1099  07A9  1683               	bsf	status, 5	;RP0=1, select bank1
  1100  07AA  1303               	bcf	status, 6	;RP1=0, select bank1
  1101  07AB  1C14               	btfss	(1184/8)^080h,(1184)&7
  1102  07AC  2FAE               	goto	u2431
  1103  07AD  2FAF               	goto	u2430
  1104  07AE                     u2431:
  1105  07AE  2FA9               	goto	l1409
  1106  07AF                     u2430:
  1107  07AF  2FB0               	goto	l3477
  1108                           	
  1109  07B0                     l1411:	
  1110                           	line	134
  1111                           	
  1112  07B0                     l3477:	
  1113                           ;SPI.c: 134: lixo = SSPBUF;
  1114  07B0  1283               	bcf	status, 5	;RP0=0, select bank0
  1115  07B1  1303               	bcf	status, 6	;RP1=0, select bank0
  1116  07B2  0813               	movf	(19),w	;volatile
  1117  07B3  00F2               	movwf	(??_escreveByteEEPROM+0)+0
  1118  07B4  0872               	movf	(??_escreveByteEEPROM+0)+0,w
  1119  07B5  00F5               	movwf	(escreveByteEEPROM@lixo)
  1120                           	line	135
  1121                           	
  1122  07B6                     l3479:	
  1123                           ;SPI.c: 135: SSPBUF = (posicao+i)>>8;
  1124  07B6  0871               	movf	(escreveByteEEPROM@posicao),w
  1125  07B7  0776               	addwf	(escreveByteEEPROM@i),w
  1126  07B8  00F2               	movwf	(??_escreveByteEEPROM+0)+0
  1127  07B9  01F3               	clrf	(??_escreveByteEEPROM+0)+0+1
  1128  07BA  0DF3               	rlf	1+(??_escreveByteEEPROM+0)+0,f
  1129                           	
  1130  07BB  0873               	movf	1+(??_escreveByteEEPROM+0)+0,w
  1131  07BC  0093               	movwf	(19)	;volatile
  1132                           	line	136
  1133                           ;SPI.c: 136: while(BF==0);
  1134  07BD  2FBE               	goto	l1412
  1135                           	
  1136  07BE                     l1413:	
  1137                           	
  1138  07BE                     l1412:	
  1139  07BE  1683               	bsf	status, 5	;RP0=1, select bank1
  1140  07BF  1303               	bcf	status, 6	;RP1=0, select bank1
  1141  07C0  1C14               	btfss	(1184/8)^080h,(1184)&7
  1142  07C1  2FC3               	goto	u2441
  1143  07C2  2FC4               	goto	u2440
  1144  07C3                     u2441:
  1145  07C3  2FBE               	goto	l1412
  1146  07C4                     u2440:
  1147  07C4  2FC5               	goto	l3481
  1148                           	
  1149  07C5                     l1414:	
  1150                           	line	137
  1151                           	
  1152  07C5                     l3481:	
  1153                           ;SPI.c: 137: lixo = SSPBUF;
  1154  07C5  1283               	bcf	status, 5	;RP0=0, select bank0
  1155  07C6  1303               	bcf	status, 6	;RP1=0, select bank0
  1156  07C7  0813               	movf	(19),w	;volatile
  1157  07C8  00F2               	movwf	(??_escreveByteEEPROM+0)+0
  1158  07C9  0872               	movf	(??_escreveByteEEPROM+0)+0,w
  1159  07CA  00F5               	movwf	(escreveByteEEPROM@lixo)
  1160                           	line	138
  1161                           	
  1162  07CB                     l3483:	
  1163                           ;SPI.c: 138: SSPBUF = (posicao+i)&0xFF;
  1164  07CB  0876               	movf	(escreveByteEEPROM@i),w
  1165  07CC  0771               	addwf	(escreveByteEEPROM@posicao),w
  1166  07CD  0093               	movwf	(19)	;volatile
  1167                           	line	139
  1168                           ;SPI.c: 139: while(BF==0);
  1169  07CE  2FCF               	goto	l1415
  1170                           	
  1171  07CF                     l1416:	
  1172                           	
  1173  07CF                     l1415:	
  1174  07CF  1683               	bsf	status, 5	;RP0=1, select bank1
  1175  07D0  1303               	bcf	status, 6	;RP1=0, select bank1
  1176  07D1  1C14               	btfss	(1184/8)^080h,(1184)&7
  1177  07D2  2FD4               	goto	u2451
  1178  07D3  2FD5               	goto	u2450
  1179  07D4                     u2451:
  1180  07D4  2FCF               	goto	l1415
  1181  07D5                     u2450:
  1182  07D5  2FD6               	goto	l3485
  1183                           	
  1184  07D6                     l1417:	
  1185                           	line	140
  1186                           	
  1187  07D6                     l3485:	
  1188                           ;SPI.c: 140: lixo = SSPBUF;
  1189  07D6  1283               	bcf	status, 5	;RP0=0, select bank0
  1190  07D7  1303               	bcf	status, 6	;RP1=0, select bank0
  1191  07D8  0813               	movf	(19),w	;volatile
  1192  07D9  00F2               	movwf	(??_escreveByteEEPROM+0)+0
  1193  07DA  0872               	movf	(??_escreveByteEEPROM+0)+0,w
  1194  07DB  00F5               	movwf	(escreveByteEEPROM@lixo)
  1195                           	line	141
  1196                           	
  1197  07DC                     l3487:	
  1198                           ;SPI.c: 141: SSPBUF = *(valor+i);
  1199  07DC  0876               	movf	(escreveByteEEPROM@i),w
  1200  07DD  0774               	addwf	(escreveByteEEPROM@valor),w
  1201  07DE  00F2               	movwf	(??_escreveByteEEPROM+0)+0
  1202  07DF  0872               	movf	0+(??_escreveByteEEPROM+0)+0,w
  1203  07E0  0084               	movwf	fsr0
  1204  07E1  1383               	bcf	status, 7	;select IRP bank0
  1205  07E2  0800               	movf	indf,w
  1206  07E3  0093               	movwf	(19)	;volatile
  1207                           	line	142
  1208                           ;SPI.c: 142: while(BF==0);
  1209  07E4  2FE5               	goto	l1418
  1210                           	
  1211  07E5                     l1419:	
  1212                           	
  1213  07E5                     l1418:	
  1214  07E5  1683               	bsf	status, 5	;RP0=1, select bank1
  1215  07E6  1303               	bcf	status, 6	;RP1=0, select bank1
  1216  07E7  1C14               	btfss	(1184/8)^080h,(1184)&7
  1217  07E8  2FEA               	goto	u2461
  1218  07E9  2FEB               	goto	u2460
  1219  07EA                     u2461:
  1220  07EA  2FE5               	goto	l1418
  1221  07EB                     u2460:
  1222  07EB  2FEC               	goto	l3489
  1223                           	
  1224  07EC                     l1420:	
  1225                           	line	143
  1226                           	
  1227  07EC                     l3489:	
  1228                           ;SPI.c: 143: lixo = SSPBUF;
  1229  07EC  1283               	bcf	status, 5	;RP0=0, select bank0
  1230  07ED  1303               	bcf	status, 6	;RP1=0, select bank0
  1231  07EE  0813               	movf	(19),w	;volatile
  1232  07EF  00F2               	movwf	(??_escreveByteEEPROM+0)+0
  1233  07F0  0872               	movf	(??_escreveByteEEPROM+0)+0,w
  1234  07F1  00F5               	movwf	(escreveByteEEPROM@lixo)
  1235                           	line	144
  1236                           	
  1237  07F2                     l3491:	
  1238                           ;SPI.c: 144: RB4 = 1;
  1239  07F2  1606               	bsf	(52/8),(52)&7
  1240  07F3  2FF4               	goto	l3493
  1241                           	line	125
  1242                           	
  1243  07F4                     l1404:	
  1244                           	
  1245  07F4                     l3493:	
  1246  07F4  3001               	movlw	(01h)
  1247  07F5  00F2               	movwf	(??_escreveByteEEPROM+0)+0
  1248  07F6  0872               	movf	(??_escreveByteEEPROM+0)+0,w
  1249  07F7  07F6               	addwf	(escreveByteEEPROM@i),f
  1250  07F8  0876               	movf	((escreveByteEEPROM@i)),w
  1251  07F9  3A01               	xorlw	01h
  1252  07FA  1D03               	skipz
  1253  07FB  2FFD               	goto	u2471
  1254  07FC  2FFE               	goto	u2470
  1255  07FD                     u2471:
  1256  07FD  2F91               	goto	l1405
  1257  07FE                     u2470:
  1258  07FE  2FFF               	goto	l1422
  1259                           	
  1260  07FF                     l1421:	
  1261                           	line	146
  1262                           	
  1263  07FF                     l1422:	
  1264  07FF  0008               	return
  1265                           	opt stack 0
  1266                           GLOBAL	__end_of_escreveByteEEPROM
  1267  0800                     	__end_of_escreveByteEEPROM:
  1268 ;; =============== function _escreveByteEEPROM ends ============
  1269                           
  1270                           	signat	_escreveByteEEPROM,12408
  1271                           	global	_readStatus
  1272                           psect	text190,local,class=CODE,delta=2
  1273                           global __ptext190
  1274  0658                     __ptext190:
  1275                           
  1276 ;; *************** function _readStatus *****************
  1277 ;; Defined at:
  1278 ;;		line 86 in file "C:\Users\Ricardo\Mestrado\TAC\trab9\SPI.c"
  1279 ;; Parameters:    Size  Location     Type
  1280 ;;		None
  1281 ;; Auto vars:     Size  Location     Type
  1282 ;;  status          1    2[COMMON] unsigned char 
  1283 ;;  lixo            1    1[COMMON] unsigned char 
  1284 ;; Return value:  Size  Location     Type
  1285 ;;                  1    wreg      unsigned char 
  1286 ;; Registers used:
  1287 ;;		wreg, status,2
  1288 ;; Tracked objects:
  1289 ;;		On entry : 0/0
  1290 ;;		On exit  : 0/0
  1291 ;;		Unchanged: 0/0
  1292 ;; Data sizes:     COMMON   BANK0   BANK1   BANK3   BANK2
  1293 ;;      Params:         0       0       0       0       0
  1294 ;;      Locals:         2       0       0       0       0
  1295 ;;      Temps:          1       0       0       0       0
  1296 ;;      Totals:         3       0       0       0       0
  1297 ;;Total ram usage:        3 bytes
  1298 ;; Hardware stack levels used:    1
  1299 ;; This function calls:
  1300 ;;		Nothing
  1301 ;; This function is called by:
  1302 ;;		_main
  1303 ;; This function uses a non-reentrant model
  1304 ;;
  1305                           psect	text190
  1306                           	file	"C:\Users\Ricardo\Mestrado\TAC\trab9\SPI.c"
  1307                           	line	86
  1308                           	global	__size_of_readStatus
  1309  0026                     	__size_of_readStatus	equ	__end_of_readStatus-_readStatus
  1310                           	
  1311  0658                     _readStatus:	
  1312                           	opt	stack 7
  1313                           ; Regs used in _readStatus: [wreg+status,2]
  1314                           	line	89
  1315                           	
  1316  0658                     l3453:	
  1317                           ;SPI.c: 87: unsigned char lixo;
  1318                           ;SPI.c: 88: unsigned char status;
  1319                           ;SPI.c: 89: RB4 = 0;
  1320  0658  1283               	bcf	status, 5	;RP0=0, select bank0
  1321  0659  1303               	bcf	status, 6	;RP1=0, select bank0
  1322  065A  1206               	bcf	(52/8),(52)&7
  1323                           	line	91
  1324                           	
  1325  065B                     l3455:	
  1326                           ;SPI.c: 91: SSPBUF = 0x05;
  1327  065B  3005               	movlw	(05h)
  1328  065C  0093               	movwf	(19)	;volatile
  1329                           	line	92
  1330                           ;SPI.c: 92: while(BF==0);
  1331  065D  2E5E               	goto	l1389
  1332                           	
  1333  065E                     l1390:	
  1334                           	
  1335  065E                     l1389:	
  1336  065E  1683               	bsf	status, 5	;RP0=1, select bank1
  1337  065F  1303               	bcf	status, 6	;RP1=0, select bank1
  1338  0660  1C14               	btfss	(1184/8)^080h,(1184)&7
  1339  0661  2E63               	goto	u2401
  1340  0662  2E64               	goto	u2400
  1341  0663                     u2401:
  1342  0663  2E5E               	goto	l1389
  1343  0664                     u2400:
  1344  0664  2E65               	goto	l3457
  1345                           	
  1346  0665                     l1391:	
  1347                           	line	93
  1348                           	
  1349  0665                     l3457:	
  1350                           ;SPI.c: 93: lixo = SSPBUF;
  1351  0665  1283               	bcf	status, 5	;RP0=0, select bank0
  1352  0666  1303               	bcf	status, 6	;RP1=0, select bank0
  1353  0667  0813               	movf	(19),w	;volatile
  1354  0668  00F0               	movwf	(??_readStatus+0)+0
  1355  0669  0870               	movf	(??_readStatus+0)+0,w
  1356  066A  00F1               	movwf	(readStatus@lixo)
  1357                           	line	94
  1358                           	
  1359  066B                     l3459:	
  1360                           ;SPI.c: 94: SSPBUF = 0x00;
  1361  066B  0193               	clrf	(19)	;volatile
  1362                           	line	95
  1363                           ;SPI.c: 95: while(BF==0);
  1364  066C  2E6D               	goto	l1392
  1365                           	
  1366  066D                     l1393:	
  1367                           	
  1368  066D                     l1392:	
  1369  066D  1683               	bsf	status, 5	;RP0=1, select bank1
  1370  066E  1303               	bcf	status, 6	;RP1=0, select bank1
  1371  066F  1C14               	btfss	(1184/8)^080h,(1184)&7
  1372  0670  2E72               	goto	u2411
  1373  0671  2E73               	goto	u2410
  1374  0672                     u2411:
  1375  0672  2E6D               	goto	l1392
  1376  0673                     u2410:
  1377  0673  2E74               	goto	l3461
  1378                           	
  1379  0674                     l1394:	
  1380                           	line	96
  1381                           	
  1382  0674                     l3461:	
  1383                           ;SPI.c: 96: status = SSPBUF;
  1384  0674  1283               	bcf	status, 5	;RP0=0, select bank0
  1385  0675  1303               	bcf	status, 6	;RP1=0, select bank0
  1386  0676  0813               	movf	(19),w	;volatile
  1387  0677  00F0               	movwf	(??_readStatus+0)+0
  1388  0678  0870               	movf	(??_readStatus+0)+0,w
  1389  0679  00F2               	movwf	(readStatus@status)
  1390                           	line	97
  1391                           	
  1392  067A                     l3463:	
  1393                           ;SPI.c: 97: RB4 = 1;
  1394  067A  1606               	bsf	(52/8),(52)&7
  1395                           	line	98
  1396                           ;SPI.c: 98: return status;
  1397  067B  0872               	movf	(readStatus@status),w
  1398  067C  2E7D               	goto	l1395
  1399                           	
  1400  067D                     l3465:	
  1401                           	line	99
  1402                           	
  1403  067D                     l1395:	
  1404  067D  0008               	return
  1405                           	opt stack 0
  1406                           GLOBAL	__end_of_readStatus
  1407  067E                     	__end_of_readStatus:
  1408 ;; =============== function _readStatus ends ============
  1409                           
  1410                           	signat	_readStatus,89
  1411                           	global	_initSPI
  1412                           psect	text191,local,class=CODE,delta=2
  1413                           global __ptext191
  1414  0625                     __ptext191:
  1415                           
  1416 ;; *************** function _initSPI *****************
  1417 ;; Defined at:
  1418 ;;		line 185 in file "C:\Users\Ricardo\Mestrado\TAC\trab9\SPI.c"
  1419 ;; Parameters:    Size  Location     Type
  1420 ;;		None
  1421 ;; Auto vars:     Size  Location     Type
  1422 ;;		None
  1423 ;; Return value:  Size  Location     Type
  1424 ;;		None               void
  1425 ;; Registers used:
  1426 ;;		None
  1427 ;; Tracked objects:
  1428 ;;		On entry : 0/0
  1429 ;;		On exit  : 0/0
  1430 ;;		Unchanged: 0/0
  1431 ;; Data sizes:     COMMON   BANK0   BANK1   BANK3   BANK2
  1432 ;;      Params:         0       0       0       0       0
  1433 ;;      Locals:         0       0       0       0       0
  1434 ;;      Temps:          0       0       0       0       0
  1435 ;;      Totals:         0       0       0       0       0
  1436 ;;Total ram usage:        0 bytes
  1437 ;; Hardware stack levels used:    1
  1438 ;; This function calls:
  1439 ;;		Nothing
  1440 ;; This function is called by:
  1441 ;;		_main
  1442 ;; This function uses a non-reentrant model
  1443 ;;
  1444                           psect	text191
  1445                           	file	"C:\Users\Ricardo\Mestrado\TAC\trab9\SPI.c"
  1446                           	line	185
  1447                           	global	__size_of_initSPI
  1448  0017                     	__size_of_initSPI	equ	__end_of_initSPI-_initSPI
  1449                           	
  1450  0625                     _initSPI:	
  1451                           	opt	stack 7
  1452                           ; Regs used in _initSPI: []
  1453                           	line	186
  1454                           	
  1455  0625                     l3451:	
  1456                           ;SPI.c: 186: TRISC4 = 1;
  1457  0625  1683               	bsf	status, 5	;RP0=1, select bank1
  1458  0626  1303               	bcf	status, 6	;RP1=0, select bank1
  1459  0627  1607               	bsf	(1084/8)^080h,(1084)&7
  1460                           	line	187
  1461                           ;SPI.c: 187: TRISC5 = 0;
  1462  0628  1287               	bcf	(1085/8)^080h,(1085)&7
  1463                           	line	188
  1464                           ;SPI.c: 188: TRISC3 = 0;
  1465  0629  1187               	bcf	(1083/8)^080h,(1083)&7
  1466                           	line	189
  1467                           ;SPI.c: 189: TRISB4 = 0;
  1468  062A  1206               	bcf	(1076/8)^080h,(1076)&7
  1469                           	line	190
  1470                           ;SPI.c: 190: RB4 = 1;
  1471  062B  1283               	bcf	status, 5	;RP0=0, select bank0
  1472  062C  1303               	bcf	status, 6	;RP1=0, select bank0
  1473  062D  1606               	bsf	(52/8),(52)&7
  1474                           	line	192
  1475                           ;SPI.c: 192: SMP = 0;
  1476  062E  1683               	bsf	status, 5	;RP0=1, select bank1
  1477  062F  1303               	bcf	status, 6	;RP1=0, select bank1
  1478  0630  1394               	bcf	(1191/8)^080h,(1191)&7
  1479                           	line	193
  1480                           ;SPI.c: 193: CKE = 1;
  1481  0631  1714               	bsf	(1190/8)^080h,(1190)&7
  1482                           	line	196
  1483                           ;SPI.c: 196: SSPEN = 1;
  1484  0632  1283               	bcf	status, 5	;RP0=0, select bank0
  1485  0633  1303               	bcf	status, 6	;RP1=0, select bank0
  1486  0634  1694               	bsf	(165/8),(165)&7
  1487                           	line	197
  1488                           ;SPI.c: 197: CKP = 0;
  1489  0635  1214               	bcf	(164/8),(164)&7
  1490                           	line	198
  1491                           ;SPI.c: 198: SSPM3 = 0;
  1492  0636  1194               	bcf	(163/8),(163)&7
  1493                           	line	199
  1494                           ;SPI.c: 199: SSPM2 = 0;
  1495  0637  1114               	bcf	(162/8),(162)&7
  1496                           	line	200
  1497                           ;SPI.c: 200: SSPM1 = 0;
  1498  0638  1094               	bcf	(161/8),(161)&7
  1499                           	line	201
  1500                           ;SPI.c: 201: SSPM0 = 0;
  1501  0639  1014               	bcf	(160/8),(160)&7
  1502                           	line	202
  1503                           ;SPI.c: 202: RB4=1;
  1504  063A  1606               	bsf	(52/8),(52)&7
  1505                           	line	203
  1506                           	
  1507  063B                     l1443:	
  1508  063B  0008               	return
  1509                           	opt stack 0
  1510                           GLOBAL	__end_of_initSPI
  1511  063C                     	__end_of_initSPI:
  1512 ;; =============== function _initSPI ends ============
  1513                           
  1514                           	signat	_initSPI,88
  1515                           psect	text192,local,class=CODE,delta=2
  1516                           global __ptext192
  1517  0000                     __ptext192:
  1518                           	global	btemp
  1519  007E                     	btemp set 07Eh
  1520                           
  1521                           	DABS	1,126,2	;btemp
  1522                           	global	wtemp0
  1523  007E                     	wtemp0 set btemp


HI-TECH Software PICC Macro Assembler V9.82 build 9453 
Symbol Table                                                                                   Tue Nov 18 15:43:27 2014

                         pc 0002                          _BF 04A0                          _RD 0C60  
                        _WR 0C61                          fsr 0004                         l700 078A  
                       l701 078B                         l702 078B                         _CKE 04A6  
                       l699 075C                         _CKP 00A4                         _GIE 005F  
                       _RB4 0034                         _SMP 04A7               _lerByteEEPROM 06C5  
                       fsr0 0004          escreveByteEEPROM@i 0076                         indf 0000  
__size_of_escreveByteEEPROM 0072                        l1410 07A9                        l1411 07B0  
                      l1404 07F4                        l1420 07EC                        l1412 07BE  
                      l1421 07FF                        l1413 07BE                        l1405 0791  
                      l1422 07FF                        l1414 07C5                        l1406 0797  
                      l1430 06E3                        l1415 07CF                        l1407 0797  
                      l1431 06E3                        l1416 07CF                        l1408 079E  
                      l1440 0723                        l1432 06EA                        l1417 07D6  
                      l1409 07A9                        l1425 0718                        l1433 06F4  
                      l1418 07E5                        l1434 06F4                        l1426 06C8  
                      l1443 063B                        l1419 07E5                        l1435 06FB  
                      l1427 06CE                        l1436 0703                        l1428 06CE  
                      l1437 0703                        l1429 06D5                        l1390 065E  
                      l1438 070A                        l1446 06A2                        l1391 0665  
                      l1439 0723                        l1447 06C4                        l1392 066D  
                      l1448 06C4                        l1393 066D                        l1394 0674  
                      l1395 067D                        l1389 065E                        l3501 06DB  
                      l3511 070A                        l3503 06EA                        l3513 0716  
                      l3505 06F0                        l3521 06A3                        l3451 0625  
                      l3507 06FB                        l3515 0718                        l3531 0756  
                      l3523 0724                        l3461 0674                        l3453 0658  
                      l3509 0701                        l3517 067E                        l3533 075C  
                      l3525 074E                        l3463 067A                        l3455 065B  
                      l3471 079E                        l3519 06A1                        l3535 0766  
                      l3527 0751                        l3465 067D                        l3457 0665  
                      l3481 07C5                        l3473 07A4                        l3537 0774  
                      l3529 0755                        l3459 066B                        l3491 07F2  
                      l3483 07CB                        l3475 07A5                        l3467 078F  
                      l3539 0779                        l3485 07D6                        l3477 07B0  
                      l3469 0794                        l3493 07F4                        l3487 07DC  
                      l3479 07B6                        l3495 06C6                        l3489 07EC  
                      l3497 06CB                        l3499 06D5                        u2400 0664  
                      u2401 0663                        u2410 0673                        u2411 0672  
                      u2420 079D                        u2500 06FA                        u2421 079C  
                      u2501 06F9                        u2430 07AF                        u2510 0709  
                      u2431 07AE                        u2511 0708                        u2440 07C4  
                      u2520 0722                        u2441 07C3                        u2521 0721  
                      u2450 07D5                        u2530 06A0                        u2451 07D4  
                      u2531 069F                        u2460 07EB                        u2540 06C3  
                      u2461 07EA                        u2541 06C2                        u2470 07FE  
                      u2550 072C                        u2471 07FD                        u2535 069C  
                      u2480 06D4                        u2560 0741                        u2481 06D3  
                      u2545 06BF                        u2490 06E9                        u2491 06E8  
                      _WREN 0C62                        _main 0724                        btemp 007E  
                      start 0000                       ?_main 0070                       _EEADR 010D  
                     _CARRY 0018              ?_lerByteEEPROM 0070                       _SSPM0 00A0  
                     _SSPM1 00A1                       _SSPM2 00A2                       _SSPM3 00A3  
                     _SSPEN 00A5                       _delay 067E             __end_of_initSPI 063C  
      escreveByteEEPROM@len 0070                       pclath 000A                       status 0003  
                     wtemp0 007E            readStatus@status 0072                __end_of_main 078E  
         lerByteEEPROM@lixo 0074                      ??_main 0077                      ?_delay 0070  
      lerByteEEPROM@destino 0075                      _EEDATA 010C                      _EECON1 018C  
                    _EECON2 018D                      _TRISB4 0434                      _TRISC3 043B  
                    _TRISC4 043C                      _TRISC5 043D        lerByteEEPROM@posicao 0071  
                    _SSPBUF 0013                      delay@i 0070             ??_lerByteEEPROM 0072  
     escreveByteEEPROM@lixo 0075                   ??_initSPI 0070              __pcstackCOMMON 0070  
              __pidataBANK0 0608               __end_of_delay 06C5                     ??_delay 0070  
                __pbssBANK0 0037                  __pmaintext 0724                  _readStatus 0658  
                   _initSPI 0625                     main@idx 0034                     main@env 0020  
                   main@tam 0036                     main@val 0035        end_of_initialization 0654  
    escreveByteEEPROM@valor 0074                     init_ram 0616                 ?_readStatus 0070  
     __end_of_lerByteEEPROM 0724         start_initialization 063C            lerByteEEPROM@len 0070  
               __pdataBANK0 0041               __pcstackBANK0 0020              lerByteEEPROM@i 0076  
       __size_of_readStatus 0026                   __ptext190 0658                   __ptext191 0625  
                 __ptext192 0000                   __ptext187 067E                   __ptext188 06C5  
                 __ptext189 078E                    ?_initSPI 0070              __size_of_delay 0047  
                 main@F1111 0037                   main@F1109 0041              readStatus@lixo 0071  
  escreveByteEEPROM@posicao 0071                   init_fetch 0612                ??_readStatus 0070  
          __size_of_initSPI 0017           _escreveByteEEPROM 078E               __size_of_main 006A  
        ?_escreveByteEEPROM 0070          __end_of_readStatus 067E         ??_escreveByteEEPROM 0072  
                  main@recp 002A   __end_of_escreveByteEEPROM 0800      __size_of_lerByteEEPROM 005F  
